// Jest Snapshot v1, https://goo.gl/fbAQLP

exports[`renders without crashing 1`] = `
<div
  className="App"
>
  <div
    className="sidebar"
  >
    <div
      className="sidebar__holder"
    >
      <div
        className="summary__wrapper"
      >
        <div
          className="summary__image"
        >
          <div
            className="summary__image-holder"
          >
            <div
              className="summary__image-content"
              style={
                Object {
                  "backgroundImage": "url( undefined )",
                }
              }
            />
          </div>
        </div>
        <div
          className="summary__user-info"
        >
          <div
            className="summary__user-name"
          />
          <div
            className="summary__user-profession"
          />
        </div>
      </div>
      <div
        className="sidebar-block__wrapper"
      >
        <h3
          className="sidebar-block__section-title"
        >
          Profile
        </h3>
        <div
          className="loader__wrapper"
        >
          <div
            className="loader__element loader__element--one"
          />
          <div
            className="loader__element loader__element--two"
          />
          <div
            className="loader__element loader__element--three"
          />
        </div>
      </div>
      <div
        className="sidebar-block__wrapper"
      >
        <h3
          className="sidebar-block__section-title"
        >
          Contact
        </h3>
        <div
          className="loader__wrapper"
        >
          <div
            className="loader__element loader__element--one"
          />
          <div
            className="loader__element loader__element--two"
          />
          <div
            className="loader__element loader__element--three"
          />
        </div>
      </div>
      <div
        className="sidebar-block__wrapper"
      >
        <h3
          className="sidebar-block__section-title"
        >
          Skills
        </h3>
        <div
          className="loader__wrapper"
        >
          <div
            className="loader__element loader__element--one"
          />
          <div
            className="loader__element loader__element--two"
          />
          <div
            className="loader__element loader__element--three"
          />
        </div>
      </div>
    </div>
  </div>
  <main
    className="main"
  >
    <div
      className="main__holder"
    >
      <section
        className="main-block__wrapper"
      >
        <h1
          className="main-block__section-title"
        >
          Experience
        </h1>
        <div
          className="loader__wrapper"
        >
          <div
            className="loader__element loader__element--one"
          />
          <div
            className="loader__element loader__element--two"
          />
          <div
            className="loader__element loader__element--three"
          />
        </div>
      </section>
      <section
        className="main-block__wrapper"
      >
        <h1
          className="main-block__section-title"
        >
          Education
        </h1>
        <div
          className="loader__wrapper"
        >
          <div
            className="loader__element loader__element--one"
          />
          <div
            className="loader__element loader__element--two"
          />
          <div
            className="loader__element loader__element--three"
          />
        </div>
      </section>
    </div>
  </main>
</div>
`;
